// Jest Snapshot v1, https://goo.gl/fbAQLP

exports[`Header matches the snapshot 1`] = `
<div
  className="logo"
>
  <h1>
    MOVIE TRACKER
  </h1>
</div>
`;
