// Jest Snapshot v1, https://goo.gl/fbAQLP

exports[`App App should render the snapshot 1`] = `
<div
  className="App"
>
  <div
    className="header-container"
  >
    <Header />
    <withRouter(Connect(Nav)) />
  </div>
  <Route
    className="display"
    exact={true}
    path="/"
    render={[Function]}
  />
  <Route
    className="display"
    path="/login"
    render={[Function]}
  />
  <Route
    className="display"
    exact={true}
    path="/favorites"
    render={[Function]}
  />
</div>
`;
