// Jest Snapshot v1, https://goo.gl/fbAQLP

exports[`Movie should match the snapshot with all data passed down 1`] = `
<ContextConsumer>
  <Component />
</ContextConsumer>
`;
