// Jest Snapshot v1, https://goo.gl/fbAQLP

exports[`Nav should match the snapshot with all data passed down 1`] = `
<Route>
  <Component />
</Route>
`;
